--- 
http_interactions: 
- request: 
    method: get
    uri: https://admin%40internal:redhat@dell-per610-02.lab.eng.brq.redhat.com/api/datacenters/9df72b84-0234-11e2-9b87-9386d9b09d4a
    body: 
      string: ""
    headers: 
      Content-Type: 
      - application/xml
      Accept: 
      - application/xml
      Accept-Encoding: 
      - gzip, deflate
  response: 
    status: 
      code: 200
      message: OK
    headers: 
      Cache-Control: 
      - no-cache
      Content-Type: 
      - application/xml
      Set-Cookie: 
      - JSESSIONID=k1mYA6FUaOyVwpRPq9ph0W8Z; Path=/api; Secure
      Content-Length: 
      - "828"
      Pragma: 
      - No-cache
      Expires: 
      - Thu, 01 Jan 1970 01:00:00 CET
      Connection: 
      - close
      Date: 
      - Fri, 09 Nov 2012 08:52:43 GMT
    body: 
      string: |
        <?xml version="1.0" encoding="UTF-8" standalone="yes"?>
        <data_center href="/api/datacenters/9df72b84-0234-11e2-9b87-9386d9b09d4a" id="9df72b84-0234-11e2-9b87-9386d9b09d4a">
            <name>Default</name>
            <description>The default Data Center</description>
            <link href="/api/datacenters/9df72b84-0234-11e2-9b87-9386d9b09d4a/storagedomains" rel="storagedomains"/>
            <link href="/api/datacenters/9df72b84-0234-11e2-9b87-9386d9b09d4a/permissions" rel="permissions"/>
            <link href="/api/datacenters/9df72b84-0234-11e2-9b87-9386d9b09d4a/quotas" rel="quotas"/>
            <storage_type>nfs</storage_type>
            <storage_format>v3</storage_format>
            <version major="3" minor="1"/>
            <supported_versions>
                <version major="3" minor="1"/>
            </supported_versions>
            <status>
                <state>up</state>
            </status>
        </data_center>

    http_version: 
  recorded_at: Fri, 09 Nov 2012 08:52:44 GMT
- request: 
    method: get
    uri: https://admin%40internal:redhat@dell-per610-02.lab.eng.brq.redhat.com/api/clusters?search=datacenter=Default
    body: 
      string: ""
    headers: 
      Content-Type: 
      - application/xml
      Accept: 
      - application/xml
      Accept-Encoding: 
      - gzip, deflate
  response: 
    status: 
      code: 200
      message: OK
    headers: 
      Cache-Control: 
      - no-cache
      Content-Type: 
      - application/xml
      Set-Cookie: 
      - JSESSIONID=EkMoX34vGoi2dHdyBiISfybc; Path=/api; Secure
      Content-Length: 
      - "1232"
      Pragma: 
      - No-cache
      Expires: 
      - Thu, 01 Jan 1970 01:00:00 CET
      Connection: 
      - close
      Date: 
      - Fri, 09 Nov 2012 08:52:43 GMT
    body: 
      string: |
        <?xml version="1.0" encoding="UTF-8" standalone="yes"?>
        <clusters>
            <cluster href="/api/clusters/99408929-82cf-4dc7-a532-9d998063fa95" id="99408929-82cf-4dc7-a532-9d998063fa95">
                <name>Default</name>
                <description>The default server cluster</description>
                <link href="/api/clusters/99408929-82cf-4dc7-a532-9d998063fa95/networks" rel="networks"/>
                <link href="/api/clusters/99408929-82cf-4dc7-a532-9d998063fa95/permissions" rel="permissions"/>
                <link href="/api/clusters/99408929-82cf-4dc7-a532-9d998063fa95/glustervolumes" rel="glustervolumes"/>
                <cpu id="Intel Westmere Family"/>
                <data_center href="/api/datacenters/9df72b84-0234-11e2-9b87-9386d9b09d4a" id="9df72b84-0234-11e2-9b87-9386d9b09d4a"/>
                <memory_policy>
                    <overcommit percent="150"/>
                    <transparent_hugepages>
                        <enabled>true</enabled>
                    </transparent_hugepages>
                </memory_policy>
                <scheduling_policy/>
                <version major="3" minor="1"/>
                <error_handling>
                    <on_error>migrate</on_error>
                </error_handling>
                <virt_service>true</virt_service>
                <gluster_service>false</gluster_service>
            </cluster>
        </clusters>

    http_version: 
  recorded_at: Fri, 09 Nov 2012 08:52:45 GMT
- request: 
    method: get
    uri: https://admin%40internal:redhat@dell-per610-02.lab.eng.brq.redhat.com/api/datacenters/9df72b84-0234-11e2-9b87-9386d9b09d4a
    body: 
      string: ""
    headers: 
      Content-Type: 
      - application/xml
      Accept: 
      - application/xml
      Accept-Encoding: 
      - gzip, deflate
  response: 
    status: 
      code: 200
      message: OK
    headers: 
      Cache-Control: 
      - no-cache
      Content-Type: 
      - application/xml
      Set-Cookie: 
      - JSESSIONID=ZAshM9aN7xXV1B49NUQc5gQ5; Path=/api; Secure
      Content-Length: 
      - "828"
      Pragma: 
      - No-cache
      Expires: 
      - Thu, 01 Jan 1970 01:00:00 CET
      Connection: 
      - close
      Date: 
      - Fri, 09 Nov 2012 08:52:44 GMT
    body: 
      string: |
        <?xml version="1.0" encoding="UTF-8" standalone="yes"?>
        <data_center href="/api/datacenters/9df72b84-0234-11e2-9b87-9386d9b09d4a" id="9df72b84-0234-11e2-9b87-9386d9b09d4a">
            <name>Default</name>
            <description>The default Data Center</description>
            <link href="/api/datacenters/9df72b84-0234-11e2-9b87-9386d9b09d4a/storagedomains" rel="storagedomains"/>
            <link href="/api/datacenters/9df72b84-0234-11e2-9b87-9386d9b09d4a/permissions" rel="permissions"/>
            <link href="/api/datacenters/9df72b84-0234-11e2-9b87-9386d9b09d4a/quotas" rel="quotas"/>
            <storage_type>nfs</storage_type>
            <storage_format>v3</storage_format>
            <version major="3" minor="1"/>
            <supported_versions>
                <version major="3" minor="1"/>
            </supported_versions>
            <status>
                <state>up</state>
            </status>
        </data_center>

    http_version: 
  recorded_at: Fri, 09 Nov 2012 08:52:45 GMT
- request: 
    method: get
    uri: https://admin%40internal:redhat@dell-per610-02.lab.eng.brq.redhat.com/api/datacenters/9df72b84-0234-11e2-9b87-9386d9b09d4a
    body: 
      string: ""
    headers: 
      Content-Type: 
      - application/xml
      Accept: 
      - application/xml
      Accept-Encoding: 
      - gzip, deflate
  response: 
    status: 
      code: 200
      message: OK
    headers: 
      Cache-Control: 
      - no-cache
      Content-Type: 
      - application/xml
      Set-Cookie: 
      - JSESSIONID=NsUA1RcuCuEtnprpHNM-gRFQ; Path=/api; Secure
      Content-Length: 
      - "828"
      Pragma: 
      - No-cache
      Expires: 
      - Thu, 01 Jan 1970 01:00:00 CET
      Connection: 
      - close
      Date: 
      - Fri, 09 Nov 2012 08:52:44 GMT
    body: 
      string: |
        <?xml version="1.0" encoding="UTF-8" standalone="yes"?>
        <data_center href="/api/datacenters/9df72b84-0234-11e2-9b87-9386d9b09d4a" id="9df72b84-0234-11e2-9b87-9386d9b09d4a">
            <name>Default</name>
            <description>The default Data Center</description>
            <link href="/api/datacenters/9df72b84-0234-11e2-9b87-9386d9b09d4a/storagedomains" rel="storagedomains"/>
            <link href="/api/datacenters/9df72b84-0234-11e2-9b87-9386d9b09d4a/permissions" rel="permissions"/>
            <link href="/api/datacenters/9df72b84-0234-11e2-9b87-9386d9b09d4a/quotas" rel="quotas"/>
            <storage_type>nfs</storage_type>
            <storage_format>v3</storage_format>
            <version major="3" minor="1"/>
            <supported_versions>
                <version major="3" minor="1"/>
            </supported_versions>
            <status>
                <state>up</state>
            </status>
        </data_center>

    http_version: 
  recorded_at: Fri, 09 Nov 2012 08:52:45 GMT
- request: 
    method: get
    uri: https://admin%40internal:redhat@dell-per610-02.lab.eng.brq.redhat.com/api/clusters?search=datacenter=Default
    body: 
      string: ""
    headers: 
      Content-Type: 
      - application/xml
      Accept: 
      - application/xml
      Accept-Encoding: 
      - gzip, deflate
  response: 
    status: 
      code: 200
      message: OK
    headers: 
      Cache-Control: 
      - no-cache
      Content-Type: 
      - application/xml
      Set-Cookie: 
      - JSESSIONID=-cGZh79KLIYLwdKtYmhaw0Me; Path=/api; Secure
      Content-Length: 
      - "1232"
      Pragma: 
      - No-cache
      Expires: 
      - Thu, 01 Jan 1970 01:00:00 CET
      Connection: 
      - close
      Date: 
      - Fri, 09 Nov 2012 08:52:44 GMT
    body: 
      string: |
        <?xml version="1.0" encoding="UTF-8" standalone="yes"?>
        <clusters>
            <cluster href="/api/clusters/99408929-82cf-4dc7-a532-9d998063fa95" id="99408929-82cf-4dc7-a532-9d998063fa95">
                <name>Default</name>
                <description>The default server cluster</description>
                <link href="/api/clusters/99408929-82cf-4dc7-a532-9d998063fa95/networks" rel="networks"/>
                <link href="/api/clusters/99408929-82cf-4dc7-a532-9d998063fa95/permissions" rel="permissions"/>
                <link href="/api/clusters/99408929-82cf-4dc7-a532-9d998063fa95/glustervolumes" rel="glustervolumes"/>
                <cpu id="Intel Westmere Family"/>
                <data_center href="/api/datacenters/9df72b84-0234-11e2-9b87-9386d9b09d4a" id="9df72b84-0234-11e2-9b87-9386d9b09d4a"/>
                <memory_policy>
                    <overcommit percent="150"/>
                    <transparent_hugepages>
                        <enabled>true</enabled>
                    </transparent_hugepages>
                </memory_policy>
                <scheduling_policy/>
                <version major="3" minor="1"/>
                <error_handling>
                    <on_error>migrate</on_error>
                </error_handling>
                <virt_service>true</virt_service>
                <gluster_service>false</gluster_service>
            </cluster>
        </clusters>

    http_version: 
  recorded_at: Fri, 09 Nov 2012 08:52:46 GMT
- request: 
    method: get
    uri: https://admin%40internal:redhat@dell-per610-02.lab.eng.brq.redhat.com/api/datacenters/9df72b84-0234-11e2-9b87-9386d9b09d4a
    body: 
      string: ""
    headers: 
      Content-Type: 
      - application/xml
      Accept: 
      - application/xml
      Accept-Encoding: 
      - gzip, deflate
  response: 
    status: 
      code: 200
      message: OK
    headers: 
      Cache-Control: 
      - no-cache
      Content-Type: 
      - application/xml
      Set-Cookie: 
      - JSESSIONID=KixnYJEJkVTbJj1Lf4cyv7ku; Path=/api; Secure
      Content-Length: 
      - "828"
      Pragma: 
      - No-cache
      Expires: 
      - Thu, 01 Jan 1970 01:00:00 CET
      Connection: 
      - close
      Date: 
      - Fri, 09 Nov 2012 08:52:45 GMT
    body: 
      string: |
        <?xml version="1.0" encoding="UTF-8" standalone="yes"?>
        <data_center href="/api/datacenters/9df72b84-0234-11e2-9b87-9386d9b09d4a" id="9df72b84-0234-11e2-9b87-9386d9b09d4a">
            <name>Default</name>
            <description>The default Data Center</description>
            <link href="/api/datacenters/9df72b84-0234-11e2-9b87-9386d9b09d4a/storagedomains" rel="storagedomains"/>
            <link href="/api/datacenters/9df72b84-0234-11e2-9b87-9386d9b09d4a/permissions" rel="permissions"/>
            <link href="/api/datacenters/9df72b84-0234-11e2-9b87-9386d9b09d4a/quotas" rel="quotas"/>
            <storage_type>nfs</storage_type>
            <storage_format>v3</storage_format>
            <version major="3" minor="1"/>
            <supported_versions>
                <version major="3" minor="1"/>
            </supported_versions>
            <status>
                <state>up</state>
            </status>
        </data_center>

    http_version: 
  recorded_at: Fri, 09 Nov 2012 08:52:46 GMT
- request: 
    method: get
    uri: https://admin%40internal:redhat@dell-per610-02.lab.eng.brq.redhat.com/api/datacenters/9df72b84-0234-11e2-9b87-9386d9b09d4a
    body: 
      string: ""
    headers: 
      Content-Type: 
      - application/xml
      Accept: 
      - application/xml
      Accept-Encoding: 
      - gzip, deflate
  response: 
    status: 
      code: 200
      message: OK
    headers: 
      Cache-Control: 
      - no-cache
      Content-Type: 
      - application/xml
      Set-Cookie: 
      - JSESSIONID=PoCn+oJhRARt6ry6V0e3VVWG; Path=/api; Secure
      Content-Length: 
      - "828"
      Pragma: 
      - No-cache
      Expires: 
      - Thu, 01 Jan 1970 01:00:00 CET
      Connection: 
      - close
      Date: 
      - Fri, 09 Nov 2012 08:52:45 GMT
    body: 
      string: |
        <?xml version="1.0" encoding="UTF-8" standalone="yes"?>
        <data_center href="/api/datacenters/9df72b84-0234-11e2-9b87-9386d9b09d4a" id="9df72b84-0234-11e2-9b87-9386d9b09d4a">
            <name>Default</name>
            <description>The default Data Center</description>
            <link href="/api/datacenters/9df72b84-0234-11e2-9b87-9386d9b09d4a/storagedomains" rel="storagedomains"/>
            <link href="/api/datacenters/9df72b84-0234-11e2-9b87-9386d9b09d4a/permissions" rel="permissions"/>
            <link href="/api/datacenters/9df72b84-0234-11e2-9b87-9386d9b09d4a/quotas" rel="quotas"/>
            <storage_type>nfs</storage_type>
            <storage_format>v3</storage_format>
            <version major="3" minor="1"/>
            <supported_versions>
                <version major="3" minor="1"/>
            </supported_versions>
            <status>
                <state>up</state>
            </status>
        </data_center>

    http_version: 
  recorded_at: Fri, 09 Nov 2012 08:52:46 GMT
- request: 
    method: get
    uri: https://admin%40internal:redhat@dell-per610-02.lab.eng.brq.redhat.com/api/clusters?search=datacenter=Default
    body: 
      string: ""
    headers: 
      Content-Type: 
      - application/xml
      Accept: 
      - application/xml
      Accept-Encoding: 
      - gzip, deflate
  response: 
    status: 
      code: 200
      message: OK
    headers: 
      Cache-Control: 
      - no-cache
      Content-Type: 
      - application/xml
      Set-Cookie: 
      - JSESSIONID=qcF+m5sVSRSfDYgaXFQkJkAg; Path=/api; Secure
      Content-Length: 
      - "1232"
      Pragma: 
      - No-cache
      Expires: 
      - Thu, 01 Jan 1970 01:00:00 CET
      Connection: 
      - close
      Date: 
      - Fri, 09 Nov 2012 08:52:45 GMT
    body: 
      string: |
        <?xml version="1.0" encoding="UTF-8" standalone="yes"?>
        <clusters>
            <cluster href="/api/clusters/99408929-82cf-4dc7-a532-9d998063fa95" id="99408929-82cf-4dc7-a532-9d998063fa95">
                <name>Default</name>
                <description>The default server cluster</description>
                <link href="/api/clusters/99408929-82cf-4dc7-a532-9d998063fa95/networks" rel="networks"/>
                <link href="/api/clusters/99408929-82cf-4dc7-a532-9d998063fa95/permissions" rel="permissions"/>
                <link href="/api/clusters/99408929-82cf-4dc7-a532-9d998063fa95/glustervolumes" rel="glustervolumes"/>
                <cpu id="Intel Westmere Family"/>
                <data_center href="/api/datacenters/9df72b84-0234-11e2-9b87-9386d9b09d4a" id="9df72b84-0234-11e2-9b87-9386d9b09d4a"/>
                <memory_policy>
                    <overcommit percent="150"/>
                    <transparent_hugepages>
                        <enabled>true</enabled>
                    </transparent_hugepages>
                </memory_policy>
                <scheduling_policy/>
                <version major="3" minor="1"/>
                <error_handling>
                    <on_error>migrate</on_error>
                </error_handling>
                <virt_service>true</virt_service>
                <gluster_service>false</gluster_service>
            </cluster>
        </clusters>

    http_version: 
  recorded_at: Fri, 09 Nov 2012 08:52:46 GMT
- request: 
    method: get
    uri: https://admin%40internal:redhat@dell-per610-02.lab.eng.brq.redhat.com/api/datacenters/9df72b84-0234-11e2-9b87-9386d9b09d4a
    body: 
      string: ""
    headers: 
      Content-Type: 
      - application/xml
      Accept: 
      - application/xml
      Accept-Encoding: 
      - gzip, deflate
  response: 
    status: 
      code: 200
      message: OK
    headers: 
      Cache-Control: 
      - no-cache
      Content-Type: 
      - application/xml
      Set-Cookie: 
      - JSESSIONID=RyRR-SBQIOo2gy06xcRDbVFi; Path=/api; Secure
      Content-Length: 
      - "828"
      Pragma: 
      - No-cache
      Expires: 
      - Thu, 01 Jan 1970 01:00:00 CET
      Connection: 
      - close
      Date: 
      - Fri, 09 Nov 2012 08:52:46 GMT
    body: 
      string: |
        <?xml version="1.0" encoding="UTF-8" standalone="yes"?>
        <data_center href="/api/datacenters/9df72b84-0234-11e2-9b87-9386d9b09d4a" id="9df72b84-0234-11e2-9b87-9386d9b09d4a">
            <name>Default</name>
            <description>The default Data Center</description>
            <link href="/api/datacenters/9df72b84-0234-11e2-9b87-9386d9b09d4a/storagedomains" rel="storagedomains"/>
            <link href="/api/datacenters/9df72b84-0234-11e2-9b87-9386d9b09d4a/permissions" rel="permissions"/>
            <link href="/api/datacenters/9df72b84-0234-11e2-9b87-9386d9b09d4a/quotas" rel="quotas"/>
            <storage_type>nfs</storage_type>
            <storage_format>v3</storage_format>
            <version major="3" minor="1"/>
            <supported_versions>
                <version major="3" minor="1"/>
            </supported_versions>
            <status>
                <state>up</state>
            </status>
        </data_center>

    http_version: 
  recorded_at: Fri, 09 Nov 2012 08:52:47 GMT
recorded_with: VCR 2.2.5
