--- 
recorded_with: VCR 2.3.0
http_interactions: 
- request: 
    method: get
    uri: https://admin%40internal:redhat@dell-per610-02.lab.eng.brq.redhat.com/api/datacenters/9df72b84-0234-11e2-9b87-9386d9b09d4a
    body: 
      string: ""
    headers: 
      Content-Type: 
      - application/xml
      Accept-Encoding: 
      - gzip, deflate
      Accept: 
      - application/xml
  response: 
    status: 
      code: 200
      message: OK
    headers: 
      Cache-Control: 
      - no-cache
      Content-Length: 
      - "828"
      Set-Cookie: 
      - JSESSIONID=OJn2u3cFhULQw9UZTwhhGKLh; Path=/api; Secure
      Content-Type: 
      - application/xml
      Pragma: 
      - No-cache
      Date: 
      - Thu, 22 Nov 2012 11:38:26 GMT
      Expires: 
      - Thu, 01 Jan 1970 01:00:00 CET
      Connection: 
      - close
    body: 
      string: |
        <?xml version="1.0" encoding="UTF-8" standalone="yes"?>
        <data_center href="/api/datacenters/9df72b84-0234-11e2-9b87-9386d9b09d4a" id="9df72b84-0234-11e2-9b87-9386d9b09d4a">
            <name>Default</name>
            <description>The default Data Center</description>
            <link href="/api/datacenters/9df72b84-0234-11e2-9b87-9386d9b09d4a/storagedomains" rel="storagedomains"/>
            <link href="/api/datacenters/9df72b84-0234-11e2-9b87-9386d9b09d4a/permissions" rel="permissions"/>
            <link href="/api/datacenters/9df72b84-0234-11e2-9b87-9386d9b09d4a/quotas" rel="quotas"/>
            <storage_type>nfs</storage_type>
            <storage_format>v3</storage_format>
            <version major="3" minor="1"/>
            <supported_versions>
                <version major="3" minor="1"/>
            </supported_versions>
            <status>
                <state>up</state>
            </status>
        </data_center>

    http_version: 
  recorded_at: Thu, 22 Nov 2012 11:38:26 GMT
- request: 
    method: get
    uri: https://admin%40internal:redhat@dell-per610-02.lab.eng.brq.redhat.com/api/templates?search=datacenter=Default
    body: 
      string: ""
    headers: 
      Content-Type: 
      - application/xml
      Accept-Encoding: 
      - gzip, deflate
      Accept: 
      - application/xml
  response: 
    status: 
      code: 200
      message: OK
    headers: 
      Cache-Control: 
      - no-cache
      Set-Cookie: 
      - JSESSIONID=FFM4fDToibZuyTHhq32lp6BC; Path=/api; Secure
      Content-Type: 
      - application/xml
      Pragma: 
      - No-cache
      Date: 
      - Thu, 22 Nov 2012 11:38:26 GMT
      Expires: 
      - Thu, 01 Jan 1970 01:00:00 CET
      Connection: 
      - close
      Transfer-Encoding: 
      - chunked
    body: 
      string: |
        <?xml version="1.0" encoding="UTF-8" standalone="yes"?>
        <templates>
            <template href="/api/templates/00000000-0000-0000-0000-000000000000" id="00000000-0000-0000-0000-000000000000">
                <actions>
                    <link href="/api/templates/00000000-0000-0000-0000-000000000000/export" rel="export"/>
                </actions>
                <name>Blank</name>
                <description>Blank template</description>
                <link href="/api/templates/00000000-0000-0000-0000-000000000000/disks" rel="disks"/>
                <link href="/api/templates/00000000-0000-0000-0000-000000000000/nics" rel="nics"/>
                <link href="/api/templates/00000000-0000-0000-0000-000000000000/cdroms" rel="cdroms"/>
                <link href="/api/templates/00000000-0000-0000-0000-000000000000/permissions" rel="permissions"/>
                <type>desktop</type>
                <status>
                    <state>ok</state>
                </status>
                <memory>536870912</memory>
                <cpu>
                    <topology sockets="1" cores="1"/>
                </cpu>
                <os type="unassigned">
                    <boot dev="hd"/>
                </os>
                <cluster href="/api/clusters/99408929-82cf-4dc7-a532-9d998063fa95" id="99408929-82cf-4dc7-a532-9d998063fa95"/>
                <creation_time>2008-04-01T00:00:00.000+02:00</creation_time>
                <origin>rhev</origin>
                <high_availability>
                    <enabled>false</enabled>
                    <priority>0</priority>
                </high_availability>
                <display>
                    <type>spice</type>
                    <monitors>1</monitors>
                    <allow_override>false</allow_override>
                </display>
                <stateless>false</stateless>
                <usb>
                    <enabled>false</enabled>
                </usb>
            </template>
            <template href="/api/templates/d0083bdc-74d5-464e-8907-31ab4d7788e0" id="d0083bdc-74d5-464e-8907-31ab4d7788e0">
                <actions>
                    <link href="/api/templates/d0083bdc-74d5-464e-8907-31ab4d7788e0/export" rel="export"/>
                </actions>
                <name>centos63</name>
                <link href="/api/templates/d0083bdc-74d5-464e-8907-31ab4d7788e0/disks" rel="disks"/>
                <link href="/api/templates/d0083bdc-74d5-464e-8907-31ab4d7788e0/nics" rel="nics"/>
                <link href="/api/templates/d0083bdc-74d5-464e-8907-31ab4d7788e0/cdroms" rel="cdroms"/>
                <link href="/api/templates/d0083bdc-74d5-464e-8907-31ab4d7788e0/permissions" rel="permissions"/>
                <type>server</type>
                <status>
                    <state>ok</state>
                </status>
                <memory>2147483648</memory>
                <cpu>
                    <topology sockets="1" cores="1"/>
                </cpu>
                <os type="rhel_6x64">
                    <boot dev="cdrom"/>
                    <boot dev="hd"/>
                    <kernel></kernel>
                    <initrd></initrd>
                    <cmdline></cmdline>
                </os>
                <cluster href="/api/clusters/99408929-82cf-4dc7-a532-9d998063fa95" id="99408929-82cf-4dc7-a532-9d998063fa95"/>
                <creation_time>2012-11-09T14:35:55.488+01:00</creation_time>
                <origin>rhev</origin>
                <high_availability>
                    <enabled>false</enabled>
                    <priority>1</priority>
                </high_availability>
                <display>
                    <type>spice</type>
                    <monitors>1</monitors>
                    <allow_override>false</allow_override>
                </display>
                <stateless>false</stateless>
                <usb>
                    <enabled>false</enabled>
                </usb>
            </template>
            <template href="/api/templates/fe9dcb11-a035-4d80-89b4-a4092a892505" id="fe9dcb11-a035-4d80-89b4-a4092a892505">
                <actions>
                    <link href="/api/templates/fe9dcb11-a035-4d80-89b4-a4092a892505/export" rel="export"/>
                </actions>
                <name>e55f531b-500d-4f7b-aff3-39cd9edda6f7</name>
                <description>Template by iwhd</description>
                <link href="/api/templates/fe9dcb11-a035-4d80-89b4-a4092a892505/disks" rel="disks"/>
                <link href="/api/templates/fe9dcb11-a035-4d80-89b4-a4092a892505/nics" rel="nics"/>
                <link href="/api/templates/fe9dcb11-a035-4d80-89b4-a4092a892505/cdroms" rel="cdroms"/>
                <link href="/api/templates/fe9dcb11-a035-4d80-89b4-a4092a892505/permissions" rel="permissions"/>
                <type>server</type>
                <status>
                    <state>ok</state>
                </status>
                <memory>536870912</memory>
                <cpu>
                    <topology sockets="1" cores="1"/>
                </cpu>
                <os type="other_linux">
                    <boot dev="cdrom"/>
                    <boot dev="hd"/>
                </os>
                <cluster href="/api/clusters/99408929-82cf-4dc7-a532-9d998063fa95" id="99408929-82cf-4dc7-a532-9d998063fa95"/>
                <creation_time>2012-09-24T13:07:37.000+02:00</creation_time>
                <origin>rhev</origin>
                <high_availability>
                    <enabled>false</enabled>
                    <priority>0</priority>
                </high_availability>
                <display>
                    <type>vnc</type>
                    <monitors>1</monitors>
                    <allow_override>false</allow_override>
                </display>
                <stateless>false</stateless>
                <usb>
                    <enabled>false</enabled>
                </usb>
            </template>
            <template href="/api/templates/645d60b1-9555-4b15-8e2e-01d408572c4e" id="645d60b1-9555-4b15-8e2e-01d408572c4e">
                <actions>
                    <link href="/api/templates/645d60b1-9555-4b15-8e2e-01d408572c4e/export" rel="export"/>
                </actions>
                <name>f17-minimal</name>
                <link href="/api/templates/645d60b1-9555-4b15-8e2e-01d408572c4e/disks" rel="disks"/>
                <link href="/api/templates/645d60b1-9555-4b15-8e2e-01d408572c4e/nics" rel="nics"/>
                <link href="/api/templates/645d60b1-9555-4b15-8e2e-01d408572c4e/cdroms" rel="cdroms"/>
                <link href="/api/templates/645d60b1-9555-4b15-8e2e-01d408572c4e/permissions" rel="permissions"/>
                <type>server</type>
                <status>
                    <state>ok</state>
                </status>
                <memory>2147483648</memory>
                <cpu>
                    <topology sockets="1" cores="1"/>
                </cpu>
                <os type="other_linux">
                    <boot dev="hd"/>
                    <kernel></kernel>
                    <initrd></initrd>
                    <cmdline></cmdline>
                </os>
                <cluster href="/api/clusters/99408929-82cf-4dc7-a532-9d998063fa95" id="99408929-82cf-4dc7-a532-9d998063fa95"/>
                <creation_time>2012-11-08T14:35:17.671+01:00</creation_time>
                <origin>rhev</origin>
                <high_availability>
                    <enabled>false</enabled>
                    <priority>1</priority>
                </high_availability>
                <display>
                    <type>spice</type>
                    <monitors>1</monitors>
                    <allow_override>false</allow_override>
                </display>
                <stateless>false</stateless>
                <usb>
                    <enabled>false</enabled>
                </usb>
            </template>
            <template href="/api/templates/ce7de898-38cb-4851-b5dc-1f4f0940a329" id="ce7de898-38cb-4851-b5dc-1f4f0940a329">
                <actions>
                    <link href="/api/templates/ce7de898-38cb-4851-b5dc-1f4f0940a329/export" rel="export"/>
                </actions>
                <name>mrgqe6i_template</name>
                <description>MRGQE RHEL6/i386 template</description>
                <link href="/api/templates/ce7de898-38cb-4851-b5dc-1f4f0940a329/disks" rel="disks"/>
                <link href="/api/templates/ce7de898-38cb-4851-b5dc-1f4f0940a329/nics" rel="nics"/>
                <link href="/api/templates/ce7de898-38cb-4851-b5dc-1f4f0940a329/cdroms" rel="cdroms"/>
                <link href="/api/templates/ce7de898-38cb-4851-b5dc-1f4f0940a329/permissions" rel="permissions"/>
                <type>server</type>
                <status>
                    <state>ok</state>
                </status>
                <memory>805306368</memory>
                <cpu>
                    <topology sockets="1" cores="1"/>
                </cpu>
                <os type="rhel_6">
                    <boot dev="hd"/>
                    <kernel></kernel>
                    <initrd></initrd>
                    <cmdline></cmdline>
                </os>
                <cluster href="/api/clusters/99408929-82cf-4dc7-a532-9d998063fa95" id="99408929-82cf-4dc7-a532-9d998063fa95"/>
                <creation_time>2012-11-21T19:41:41.462+01:00</creation_time>
                <origin>rhev</origin>
                <high_availability>
                    <enabled>false</enabled>
                    <priority>1</priority>
                </high_availability>
                <display>
                    <type>spice</type>
                    <monitors>1</monitors>
                    <allow_override>false</allow_override>
                </display>
                <stateless>false</stateless>
                <usb>
                    <enabled>false</enabled>
                </usb>
            </template>
            <template href="/api/templates/5558c5b6-9dd6-41b7-87f9-7cbce4fd40c5" id="5558c5b6-9dd6-41b7-87f9-7cbce4fd40c5">
                <actions>
                    <link href="/api/templates/5558c5b6-9dd6-41b7-87f9-7cbce4fd40c5/export" rel="export"/>
                </actions>
                <name>rhel63server</name>
                <description>RHEL 6.3 Server Default</description>
                <link href="/api/templates/5558c5b6-9dd6-41b7-87f9-7cbce4fd40c5/disks" rel="disks"/>
                <link href="/api/templates/5558c5b6-9dd6-41b7-87f9-7cbce4fd40c5/nics" rel="nics"/>
                <link href="/api/templates/5558c5b6-9dd6-41b7-87f9-7cbce4fd40c5/cdroms" rel="cdroms"/>
                <link href="/api/templates/5558c5b6-9dd6-41b7-87f9-7cbce4fd40c5/permissions" rel="permissions"/>
                <type>server</type>
                <status>
                    <state>ok</state>
                </status>
                <memory>1073741824</memory>
                <cpu>
                    <topology sockets="1" cores="1"/>
                </cpu>
                <os type="rhel_6x64">
                    <boot dev="hd"/>
                    <kernel></kernel>
                    <initrd></initrd>
                    <cmdline></cmdline>
                </os>
                <cluster href="/api/clusters/99408929-82cf-4dc7-a532-9d998063fa95" id="99408929-82cf-4dc7-a532-9d998063fa95"/>
                <creation_time>2012-09-19T15:20:10.740+02:00</creation_time>
                <origin>rhev</origin>
                <high_availability>
                    <enabled>false</enabled>
                    <priority>1</priority>
                </high_availability>
                <display>
                    <type>vnc</type>
                    <monitors>1</monitors>
                    <allow_override>false</allow_override>
                </display>
                <stateless>false</stateless>
                <usb>
                    <enabled>false</enabled>
                </usb>
            </template>
        </templates>

    http_version: 
  recorded_at: Thu, 22 Nov 2012 11:38:26 GMT
- request: 
    method: get
    uri: https://admin%40internal:redhat@dell-per610-02.lab.eng.brq.redhat.com/api/datacenters/9df72b84-0234-11e2-9b87-9386d9b09d4a
    body: 
      string: ""
    headers: 
      Content-Type: 
      - application/xml
      Accept-Encoding: 
      - gzip, deflate
      Accept: 
      - application/xml
  response: 
    status: 
      code: 200
      message: OK
    headers: 
      Cache-Control: 
      - no-cache
      Content-Length: 
      - "828"
      Set-Cookie: 
      - JSESSIONID=HLqVbGbkN948892xqMFzL2kh; Path=/api; Secure
      Content-Type: 
      - application/xml
      Pragma: 
      - No-cache
      Date: 
      - Thu, 22 Nov 2012 11:38:26 GMT
      Expires: 
      - Thu, 01 Jan 1970 01:00:00 CET
      Connection: 
      - close
    body: 
      string: |
        <?xml version="1.0" encoding="UTF-8" standalone="yes"?>
        <data_center href="/api/datacenters/9df72b84-0234-11e2-9b87-9386d9b09d4a" id="9df72b84-0234-11e2-9b87-9386d9b09d4a">
            <name>Default</name>
            <description>The default Data Center</description>
            <link href="/api/datacenters/9df72b84-0234-11e2-9b87-9386d9b09d4a/storagedomains" rel="storagedomains"/>
            <link href="/api/datacenters/9df72b84-0234-11e2-9b87-9386d9b09d4a/permissions" rel="permissions"/>
            <link href="/api/datacenters/9df72b84-0234-11e2-9b87-9386d9b09d4a/quotas" rel="quotas"/>
            <storage_type>nfs</storage_type>
            <storage_format>v3</storage_format>
            <version major="3" minor="1"/>
            <supported_versions>
                <version major="3" minor="1"/>
            </supported_versions>
            <status>
                <state>up</state>
            </status>
        </data_center>

    http_version: 
  recorded_at: Thu, 22 Nov 2012 11:38:26 GMT
- request: 
    method: get
    uri: https://admin%40internal:redhat@dell-per610-02.lab.eng.brq.redhat.com/api/templates?search=datacenter=Default
    body: 
      string: ""
    headers: 
      Content-Type: 
      - application/xml
      Accept-Encoding: 
      - gzip, deflate
      Accept: 
      - application/xml
  response: 
    status: 
      code: 200
      message: OK
    headers: 
      Cache-Control: 
      - no-cache
      Set-Cookie: 
      - JSESSIONID=y9-pHpTiULHTYEd1BPwXjTjg; Path=/api; Secure
      Content-Type: 
      - application/xml
      Pragma: 
      - No-cache
      Date: 
      - Thu, 22 Nov 2012 11:38:26 GMT
      Expires: 
      - Thu, 01 Jan 1970 01:00:00 CET
      Connection: 
      - close
      Transfer-Encoding: 
      - chunked
    body: 
      string: |
        <?xml version="1.0" encoding="UTF-8" standalone="yes"?>
        <templates>
            <template href="/api/templates/00000000-0000-0000-0000-000000000000" id="00000000-0000-0000-0000-000000000000">
                <actions>
                    <link href="/api/templates/00000000-0000-0000-0000-000000000000/export" rel="export"/>
                </actions>
                <name>Blank</name>
                <description>Blank template</description>
                <link href="/api/templates/00000000-0000-0000-0000-000000000000/disks" rel="disks"/>
                <link href="/api/templates/00000000-0000-0000-0000-000000000000/nics" rel="nics"/>
                <link href="/api/templates/00000000-0000-0000-0000-000000000000/cdroms" rel="cdroms"/>
                <link href="/api/templates/00000000-0000-0000-0000-000000000000/permissions" rel="permissions"/>
                <type>desktop</type>
                <status>
                    <state>ok</state>
                </status>
                <memory>536870912</memory>
                <cpu>
                    <topology sockets="1" cores="1"/>
                </cpu>
                <os type="unassigned">
                    <boot dev="hd"/>
                </os>
                <cluster href="/api/clusters/99408929-82cf-4dc7-a532-9d998063fa95" id="99408929-82cf-4dc7-a532-9d998063fa95"/>
                <creation_time>2008-04-01T00:00:00.000+02:00</creation_time>
                <origin>rhev</origin>
                <high_availability>
                    <enabled>false</enabled>
                    <priority>0</priority>
                </high_availability>
                <display>
                    <type>spice</type>
                    <monitors>1</monitors>
                    <allow_override>false</allow_override>
                </display>
                <stateless>false</stateless>
                <usb>
                    <enabled>false</enabled>
                </usb>
            </template>
            <template href="/api/templates/d0083bdc-74d5-464e-8907-31ab4d7788e0" id="d0083bdc-74d5-464e-8907-31ab4d7788e0">
                <actions>
                    <link href="/api/templates/d0083bdc-74d5-464e-8907-31ab4d7788e0/export" rel="export"/>
                </actions>
                <name>centos63</name>
                <link href="/api/templates/d0083bdc-74d5-464e-8907-31ab4d7788e0/disks" rel="disks"/>
                <link href="/api/templates/d0083bdc-74d5-464e-8907-31ab4d7788e0/nics" rel="nics"/>
                <link href="/api/templates/d0083bdc-74d5-464e-8907-31ab4d7788e0/cdroms" rel="cdroms"/>
                <link href="/api/templates/d0083bdc-74d5-464e-8907-31ab4d7788e0/permissions" rel="permissions"/>
                <type>server</type>
                <status>
                    <state>ok</state>
                </status>
                <memory>2147483648</memory>
                <cpu>
                    <topology sockets="1" cores="1"/>
                </cpu>
                <os type="rhel_6x64">
                    <boot dev="cdrom"/>
                    <boot dev="hd"/>
                    <kernel></kernel>
                    <initrd></initrd>
                    <cmdline></cmdline>
                </os>
                <cluster href="/api/clusters/99408929-82cf-4dc7-a532-9d998063fa95" id="99408929-82cf-4dc7-a532-9d998063fa95"/>
                <creation_time>2012-11-09T14:35:55.488+01:00</creation_time>
                <origin>rhev</origin>
                <high_availability>
                    <enabled>false</enabled>
                    <priority>1</priority>
                </high_availability>
                <display>
                    <type>spice</type>
                    <monitors>1</monitors>
                    <allow_override>false</allow_override>
                </display>
                <stateless>false</stateless>
                <usb>
                    <enabled>false</enabled>
                </usb>
            </template>
            <template href="/api/templates/fe9dcb11-a035-4d80-89b4-a4092a892505" id="fe9dcb11-a035-4d80-89b4-a4092a892505">
                <actions>
                    <link href="/api/templates/fe9dcb11-a035-4d80-89b4-a4092a892505/export" rel="export"/>
                </actions>
                <name>e55f531b-500d-4f7b-aff3-39cd9edda6f7</name>
                <description>Template by iwhd</description>
                <link href="/api/templates/fe9dcb11-a035-4d80-89b4-a4092a892505/disks" rel="disks"/>
                <link href="/api/templates/fe9dcb11-a035-4d80-89b4-a4092a892505/nics" rel="nics"/>
                <link href="/api/templates/fe9dcb11-a035-4d80-89b4-a4092a892505/cdroms" rel="cdroms"/>
                <link href="/api/templates/fe9dcb11-a035-4d80-89b4-a4092a892505/permissions" rel="permissions"/>
                <type>server</type>
                <status>
                    <state>ok</state>
                </status>
                <memory>536870912</memory>
                <cpu>
                    <topology sockets="1" cores="1"/>
                </cpu>
                <os type="other_linux">
                    <boot dev="cdrom"/>
                    <boot dev="hd"/>
                </os>
                <cluster href="/api/clusters/99408929-82cf-4dc7-a532-9d998063fa95" id="99408929-82cf-4dc7-a532-9d998063fa95"/>
                <creation_time>2012-09-24T13:07:37.000+02:00</creation_time>
                <origin>rhev</origin>
                <high_availability>
                    <enabled>false</enabled>
                    <priority>0</priority>
                </high_availability>
                <display>
                    <type>vnc</type>
                    <monitors>1</monitors>
                    <allow_override>false</allow_override>
                </display>
                <stateless>false</stateless>
                <usb>
                    <enabled>false</enabled>
                </usb>
            </template>
            <template href="/api/templates/645d60b1-9555-4b15-8e2e-01d408572c4e" id="645d60b1-9555-4b15-8e2e-01d408572c4e">
                <actions>
                    <link href="/api/templates/645d60b1-9555-4b15-8e2e-01d408572c4e/export" rel="export"/>
                </actions>
                <name>f17-minimal</name>
                <link href="/api/templates/645d60b1-9555-4b15-8e2e-01d408572c4e/disks" rel="disks"/>
                <link href="/api/templates/645d60b1-9555-4b15-8e2e-01d408572c4e/nics" rel="nics"/>
                <link href="/api/templates/645d60b1-9555-4b15-8e2e-01d408572c4e/cdroms" rel="cdroms"/>
                <link href="/api/templates/645d60b1-9555-4b15-8e2e-01d408572c4e/permissions" rel="permissions"/>
                <type>server</type>
                <status>
                    <state>ok</state>
                </status>
                <memory>2147483648</memory>
                <cpu>
                    <topology sockets="1" cores="1"/>
                </cpu>
                <os type="other_linux">
                    <boot dev="hd"/>
                    <kernel></kernel>
                    <initrd></initrd>
                    <cmdline></cmdline>
                </os>
                <cluster href="/api/clusters/99408929-82cf-4dc7-a532-9d998063fa95" id="99408929-82cf-4dc7-a532-9d998063fa95"/>
                <creation_time>2012-11-08T14:35:17.671+01:00</creation_time>
                <origin>rhev</origin>
                <high_availability>
                    <enabled>false</enabled>
                    <priority>1</priority>
                </high_availability>
                <display>
                    <type>spice</type>
                    <monitors>1</monitors>
                    <allow_override>false</allow_override>
                </display>
                <stateless>false</stateless>
                <usb>
                    <enabled>false</enabled>
                </usb>
            </template>
            <template href="/api/templates/ce7de898-38cb-4851-b5dc-1f4f0940a329" id="ce7de898-38cb-4851-b5dc-1f4f0940a329">
                <actions>
                    <link href="/api/templates/ce7de898-38cb-4851-b5dc-1f4f0940a329/export" rel="export"/>
                </actions>
                <name>mrgqe6i_template</name>
                <description>MRGQE RHEL6/i386 template</description>
                <link href="/api/templates/ce7de898-38cb-4851-b5dc-1f4f0940a329/disks" rel="disks"/>
                <link href="/api/templates/ce7de898-38cb-4851-b5dc-1f4f0940a329/nics" rel="nics"/>
                <link href="/api/templates/ce7de898-38cb-4851-b5dc-1f4f0940a329/cdroms" rel="cdroms"/>
                <link href="/api/templates/ce7de898-38cb-4851-b5dc-1f4f0940a329/permissions" rel="permissions"/>
                <type>server</type>
                <status>
                    <state>ok</state>
                </status>
                <memory>805306368</memory>
                <cpu>
                    <topology sockets="1" cores="1"/>
                </cpu>
                <os type="rhel_6">
                    <boot dev="hd"/>
                    <kernel></kernel>
                    <initrd></initrd>
                    <cmdline></cmdline>
                </os>
                <cluster href="/api/clusters/99408929-82cf-4dc7-a532-9d998063fa95" id="99408929-82cf-4dc7-a532-9d998063fa95"/>
                <creation_time>2012-11-21T19:41:41.462+01:00</creation_time>
                <origin>rhev</origin>
                <high_availability>
                    <enabled>false</enabled>
                    <priority>1</priority>
                </high_availability>
                <display>
                    <type>spice</type>
                    <monitors>1</monitors>
                    <allow_override>false</allow_override>
                </display>
                <stateless>false</stateless>
                <usb>
                    <enabled>false</enabled>
                </usb>
            </template>
            <template href="/api/templates/5558c5b6-9dd6-41b7-87f9-7cbce4fd40c5" id="5558c5b6-9dd6-41b7-87f9-7cbce4fd40c5">
                <actions>
                    <link href="/api/templates/5558c5b6-9dd6-41b7-87f9-7cbce4fd40c5/export" rel="export"/>
                </actions>
                <name>rhel63server</name>
                <description>RHEL 6.3 Server Default</description>
                <link href="/api/templates/5558c5b6-9dd6-41b7-87f9-7cbce4fd40c5/disks" rel="disks"/>
                <link href="/api/templates/5558c5b6-9dd6-41b7-87f9-7cbce4fd40c5/nics" rel="nics"/>
                <link href="/api/templates/5558c5b6-9dd6-41b7-87f9-7cbce4fd40c5/cdroms" rel="cdroms"/>
                <link href="/api/templates/5558c5b6-9dd6-41b7-87f9-7cbce4fd40c5/permissions" rel="permissions"/>
                <type>server</type>
                <status>
                    <state>ok</state>
                </status>
                <memory>1073741824</memory>
                <cpu>
                    <topology sockets="1" cores="1"/>
                </cpu>
                <os type="rhel_6x64">
                    <boot dev="hd"/>
                    <kernel></kernel>
                    <initrd></initrd>
                    <cmdline></cmdline>
                </os>
                <cluster href="/api/clusters/99408929-82cf-4dc7-a532-9d998063fa95" id="99408929-82cf-4dc7-a532-9d998063fa95"/>
                <creation_time>2012-09-19T15:20:10.740+02:00</creation_time>
                <origin>rhev</origin>
                <high_availability>
                    <enabled>false</enabled>
                    <priority>1</priority>
                </high_availability>
                <display>
                    <type>vnc</type>
                    <monitors>1</monitors>
                    <allow_override>false</allow_override>
                </display>
                <stateless>false</stateless>
                <usb>
                    <enabled>false</enabled>
                </usb>
            </template>
        </templates>

    http_version: 
  recorded_at: Thu, 22 Nov 2012 11:38:26 GMT
