--- 
http_interactions: 
- request: 
    method: get
    uri: https://admin%40internal:redhat@dell-per610-02.lab.eng.brq.redhat.com/api/datacenters?search=
    body: 
      string: ""
    headers: 
      Accept-Encoding: 
      - gzip, deflate
      Accept: 
      - application/xml
      Content-Type: 
      - application/xml
  response: 
    status: 
      code: 200
      message: OK
    headers: 
      Cache-Control: 
      - no-cache
      Set-Cookie: 
      - JSESSIONID=7I8Js3lRyvAfGJ8vGED0PGvE; Path=/api; Secure
      Expires: 
      - Thu, 01 Jan 1970 01:00:00 CET
      Date: 
      - Fri, 09 Nov 2012 08:55:01 GMT
      Connection: 
      - close
      Content-Length: 
      - "923"
      Pragma: 
      - No-cache
      Content-Type: 
      - application/xml
    body: 
      string: |
        <?xml version="1.0" encoding="UTF-8" standalone="yes"?>
        <data_centers>
            <data_center href="/api/datacenters/9df72b84-0234-11e2-9b87-9386d9b09d4a" id="9df72b84-0234-11e2-9b87-9386d9b09d4a">
                <name>Default</name>
                <description>The default Data Center</description>
                <link href="/api/datacenters/9df72b84-0234-11e2-9b87-9386d9b09d4a/storagedomains" rel="storagedomains"/>
                <link href="/api/datacenters/9df72b84-0234-11e2-9b87-9386d9b09d4a/permissions" rel="permissions"/>
                <link href="/api/datacenters/9df72b84-0234-11e2-9b87-9386d9b09d4a/quotas" rel="quotas"/>
                <storage_type>nfs</storage_type>
                <storage_format>v3</storage_format>
                <version major="3" minor="1"/>
                <supported_versions>
                    <version major="3" minor="1"/>
                </supported_versions>
                <status>
                    <state>up</state>
                </status>
            </data_center>
        </data_centers>

    http_version: 
  recorded_at: Fri, 09 Nov 2012 08:55:02 GMT
- request: 
    method: get
    uri: https://admin%40internal:redhat@dell-per610-02.lab.eng.brq.redhat.com/api/datacenters?search=
    body: 
      string: ""
    headers: 
      Accept-Encoding: 
      - gzip, deflate
      Accept: 
      - application/xml
      Content-Type: 
      - application/xml
  response: 
    status: 
      code: 200
      message: OK
    headers: 
      Cache-Control: 
      - no-cache
      Set-Cookie: 
      - JSESSIONID=phR55Gz6IscqRu2+uzs2yBcu; Path=/api; Secure
      Expires: 
      - Thu, 01 Jan 1970 01:00:00 CET
      Date: 
      - Fri, 09 Nov 2012 08:55:01 GMT
      Connection: 
      - close
      Content-Length: 
      - "923"
      Pragma: 
      - No-cache
      Content-Type: 
      - application/xml
    body: 
      string: |
        <?xml version="1.0" encoding="UTF-8" standalone="yes"?>
        <data_centers>
            <data_center href="/api/datacenters/9df72b84-0234-11e2-9b87-9386d9b09d4a" id="9df72b84-0234-11e2-9b87-9386d9b09d4a">
                <name>Default</name>
                <description>The default Data Center</description>
                <link href="/api/datacenters/9df72b84-0234-11e2-9b87-9386d9b09d4a/storagedomains" rel="storagedomains"/>
                <link href="/api/datacenters/9df72b84-0234-11e2-9b87-9386d9b09d4a/permissions" rel="permissions"/>
                <link href="/api/datacenters/9df72b84-0234-11e2-9b87-9386d9b09d4a/quotas" rel="quotas"/>
                <storage_type>nfs</storage_type>
                <storage_format>v3</storage_format>
                <version major="3" minor="1"/>
                <supported_versions>
                    <version major="3" minor="1"/>
                </supported_versions>
                <status>
                    <state>up</state>
                </status>
            </data_center>
        </data_centers>

    http_version: 
  recorded_at: Fri, 09 Nov 2012 08:55:02 GMT
- request: 
    method: get
    uri: https://admin%40internal:redhat@dell-per610-02.lab.eng.brq.redhat.com/api/datacenters/9df72b84-0234-11e2-9b87-9386d9b09d4a
    body: 
      string: ""
    headers: 
      Accept-Encoding: 
      - gzip, deflate
      Accept: 
      - application/xml
      Content-Type: 
      - application/xml
  response: 
    status: 
      code: 200
      message: OK
    headers: 
      Cache-Control: 
      - no-cache
      Set-Cookie: 
      - JSESSIONID=i2tkBc5kcSRrVgCTVRKfwoZx; Path=/api; Secure
      Expires: 
      - Thu, 01 Jan 1970 01:00:00 CET
      Date: 
      - Fri, 09 Nov 2012 08:55:01 GMT
      Connection: 
      - close
      Content-Length: 
      - "828"
      Pragma: 
      - No-cache
      Content-Type: 
      - application/xml
    body: 
      string: |
        <?xml version="1.0" encoding="UTF-8" standalone="yes"?>
        <data_center href="/api/datacenters/9df72b84-0234-11e2-9b87-9386d9b09d4a" id="9df72b84-0234-11e2-9b87-9386d9b09d4a">
            <name>Default</name>
            <description>The default Data Center</description>
            <link href="/api/datacenters/9df72b84-0234-11e2-9b87-9386d9b09d4a/storagedomains" rel="storagedomains"/>
            <link href="/api/datacenters/9df72b84-0234-11e2-9b87-9386d9b09d4a/permissions" rel="permissions"/>
            <link href="/api/datacenters/9df72b84-0234-11e2-9b87-9386d9b09d4a/quotas" rel="quotas"/>
            <storage_type>nfs</storage_type>
            <storage_format>v3</storage_format>
            <version major="3" minor="1"/>
            <supported_versions>
                <version major="3" minor="1"/>
            </supported_versions>
            <status>
                <state>up</state>
            </status>
        </data_center>

    http_version: 
  recorded_at: Fri, 09 Nov 2012 08:55:02 GMT
- request: 
    method: get
    uri: https://admin%40internal:redhat@dell-per610-02.lab.eng.brq.redhat.com/api/clusters?search=datacenter=Default
    body: 
      string: ""
    headers: 
      Accept-Encoding: 
      - gzip, deflate
      Accept: 
      - application/xml
      Content-Type: 
      - application/xml
  response: 
    status: 
      code: 200
      message: OK
    headers: 
      Cache-Control: 
      - no-cache
      Set-Cookie: 
      - JSESSIONID=ofw828HameEu9l5cpRI91P0w; Path=/api; Secure
      Expires: 
      - Thu, 01 Jan 1970 01:00:00 CET
      Date: 
      - Fri, 09 Nov 2012 08:55:02 GMT
      Connection: 
      - close
      Content-Length: 
      - "1232"
      Pragma: 
      - No-cache
      Content-Type: 
      - application/xml
    body: 
      string: |
        <?xml version="1.0" encoding="UTF-8" standalone="yes"?>
        <clusters>
            <cluster href="/api/clusters/99408929-82cf-4dc7-a532-9d998063fa95" id="99408929-82cf-4dc7-a532-9d998063fa95">
                <name>Default</name>
                <description>The default server cluster</description>
                <link href="/api/clusters/99408929-82cf-4dc7-a532-9d998063fa95/networks" rel="networks"/>
                <link href="/api/clusters/99408929-82cf-4dc7-a532-9d998063fa95/permissions" rel="permissions"/>
                <link href="/api/clusters/99408929-82cf-4dc7-a532-9d998063fa95/glustervolumes" rel="glustervolumes"/>
                <cpu id="Intel Westmere Family"/>
                <data_center href="/api/datacenters/9df72b84-0234-11e2-9b87-9386d9b09d4a" id="9df72b84-0234-11e2-9b87-9386d9b09d4a"/>
                <memory_policy>
                    <overcommit percent="150"/>
                    <transparent_hugepages>
                        <enabled>true</enabled>
                    </transparent_hugepages>
                </memory_policy>
                <scheduling_policy/>
                <version major="3" minor="1"/>
                <error_handling>
                    <on_error>migrate</on_error>
                </error_handling>
                <virt_service>true</virt_service>
                <gluster_service>false</gluster_service>
            </cluster>
        </clusters>

    http_version: 
  recorded_at: Fri, 09 Nov 2012 08:55:03 GMT
- request: 
    method: get
    uri: https://admin%40internal:redhat@dell-per610-02.lab.eng.brq.redhat.com/api/datacenters/9df72b84-0234-11e2-9b87-9386d9b09d4a
    body: 
      string: ""
    headers: 
      Accept-Encoding: 
      - gzip, deflate
      Accept: 
      - application/xml
      Content-Type: 
      - application/xml
  response: 
    status: 
      code: 200
      message: OK
    headers: 
      Cache-Control: 
      - no-cache
      Set-Cookie: 
      - JSESSIONID=OyPgNpDu5i+-MD0ltc3duUme; Path=/api; Secure
      Expires: 
      - Thu, 01 Jan 1970 01:00:00 CET
      Date: 
      - Fri, 09 Nov 2012 08:55:02 GMT
      Connection: 
      - close
      Content-Length: 
      - "828"
      Pragma: 
      - No-cache
      Content-Type: 
      - application/xml
    body: 
      string: |
        <?xml version="1.0" encoding="UTF-8" standalone="yes"?>
        <data_center href="/api/datacenters/9df72b84-0234-11e2-9b87-9386d9b09d4a" id="9df72b84-0234-11e2-9b87-9386d9b09d4a">
            <name>Default</name>
            <description>The default Data Center</description>
            <link href="/api/datacenters/9df72b84-0234-11e2-9b87-9386d9b09d4a/storagedomains" rel="storagedomains"/>
            <link href="/api/datacenters/9df72b84-0234-11e2-9b87-9386d9b09d4a/permissions" rel="permissions"/>
            <link href="/api/datacenters/9df72b84-0234-11e2-9b87-9386d9b09d4a/quotas" rel="quotas"/>
            <storage_type>nfs</storage_type>
            <storage_format>v3</storage_format>
            <version major="3" minor="1"/>
            <supported_versions>
                <version major="3" minor="1"/>
            </supported_versions>
            <status>
                <state>up</state>
            </status>
        </data_center>

    http_version: 
  recorded_at: Fri, 09 Nov 2012 08:55:03 GMT
- request: 
    method: get
    uri: https://admin%40internal:redhat@dell-per610-02.lab.eng.brq.redhat.com/api/datacenters/9df72b84-0234-11e2-9b87-9386d9b09d4a
    body: 
      string: ""
    headers: 
      Accept-Encoding: 
      - gzip, deflate
      Accept: 
      - application/xml
      Content-Type: 
      - application/xml
  response: 
    status: 
      code: 200
      message: OK
    headers: 
      Cache-Control: 
      - no-cache
      Set-Cookie: 
      - JSESSIONID=vUxfKOB8Ws0naBZLX3Vu1tM3; Path=/api; Secure
      Expires: 
      - Thu, 01 Jan 1970 01:00:00 CET
      Date: 
      - Fri, 09 Nov 2012 08:55:02 GMT
      Connection: 
      - close
      Content-Length: 
      - "828"
      Pragma: 
      - No-cache
      Content-Type: 
      - application/xml
    body: 
      string: |
        <?xml version="1.0" encoding="UTF-8" standalone="yes"?>
        <data_center href="/api/datacenters/9df72b84-0234-11e2-9b87-9386d9b09d4a" id="9df72b84-0234-11e2-9b87-9386d9b09d4a">
            <name>Default</name>
            <description>The default Data Center</description>
            <link href="/api/datacenters/9df72b84-0234-11e2-9b87-9386d9b09d4a/storagedomains" rel="storagedomains"/>
            <link href="/api/datacenters/9df72b84-0234-11e2-9b87-9386d9b09d4a/permissions" rel="permissions"/>
            <link href="/api/datacenters/9df72b84-0234-11e2-9b87-9386d9b09d4a/quotas" rel="quotas"/>
            <storage_type>nfs</storage_type>
            <storage_format>v3</storage_format>
            <version major="3" minor="1"/>
            <supported_versions>
                <version major="3" minor="1"/>
            </supported_versions>
            <status>
                <state>up</state>
            </status>
        </data_center>

    http_version: 
  recorded_at: Fri, 09 Nov 2012 08:55:03 GMT
- request: 
    method: get
    uri: https://admin%40internal:redhat@dell-per610-02.lab.eng.brq.redhat.com/api/clusters?search=datacenter=Default
    body: 
      string: ""
    headers: 
      Accept-Encoding: 
      - gzip, deflate
      Accept: 
      - application/xml
      Content-Type: 
      - application/xml
  response: 
    status: 
      code: 200
      message: OK
    headers: 
      Cache-Control: 
      - no-cache
      Set-Cookie: 
      - JSESSIONID=y1oEQctjb-T8-hnltA+Pvqm4; Path=/api; Secure
      Expires: 
      - Thu, 01 Jan 1970 01:00:00 CET
      Date: 
      - Fri, 09 Nov 2012 08:55:03 GMT
      Connection: 
      - close
      Content-Length: 
      - "1232"
      Pragma: 
      - No-cache
      Content-Type: 
      - application/xml
    body: 
      string: |
        <?xml version="1.0" encoding="UTF-8" standalone="yes"?>
        <clusters>
            <cluster href="/api/clusters/99408929-82cf-4dc7-a532-9d998063fa95" id="99408929-82cf-4dc7-a532-9d998063fa95">
                <name>Default</name>
                <description>The default server cluster</description>
                <link href="/api/clusters/99408929-82cf-4dc7-a532-9d998063fa95/networks" rel="networks"/>
                <link href="/api/clusters/99408929-82cf-4dc7-a532-9d998063fa95/permissions" rel="permissions"/>
                <link href="/api/clusters/99408929-82cf-4dc7-a532-9d998063fa95/glustervolumes" rel="glustervolumes"/>
                <cpu id="Intel Westmere Family"/>
                <data_center href="/api/datacenters/9df72b84-0234-11e2-9b87-9386d9b09d4a" id="9df72b84-0234-11e2-9b87-9386d9b09d4a"/>
                <memory_policy>
                    <overcommit percent="150"/>
                    <transparent_hugepages>
                        <enabled>true</enabled>
                    </transparent_hugepages>
                </memory_policy>
                <scheduling_policy/>
                <version major="3" minor="1"/>
                <error_handling>
                    <on_error>migrate</on_error>
                </error_handling>
                <virt_service>true</virt_service>
                <gluster_service>false</gluster_service>
            </cluster>
        </clusters>

    http_version: 
  recorded_at: Fri, 09 Nov 2012 08:55:04 GMT
- request: 
    method: get
    uri: https://admin%40internal:redhat@dell-per610-02.lab.eng.brq.redhat.com/api/datacenters/9df72b84-0234-11e2-9b87-9386d9b09d4a
    body: 
      string: ""
    headers: 
      Accept-Encoding: 
      - gzip, deflate
      Accept: 
      - application/xml
      Content-Type: 
      - application/xml
  response: 
    status: 
      code: 200
      message: OK
    headers: 
      Cache-Control: 
      - no-cache
      Set-Cookie: 
      - JSESSIONID=HsLOTTbEN4skgq5c3es32wzb; Path=/api; Secure
      Expires: 
      - Thu, 01 Jan 1970 01:00:00 CET
      Date: 
      - Fri, 09 Nov 2012 08:55:03 GMT
      Connection: 
      - close
      Content-Length: 
      - "828"
      Pragma: 
      - No-cache
      Content-Type: 
      - application/xml
    body: 
      string: |
        <?xml version="1.0" encoding="UTF-8" standalone="yes"?>
        <data_center href="/api/datacenters/9df72b84-0234-11e2-9b87-9386d9b09d4a" id="9df72b84-0234-11e2-9b87-9386d9b09d4a">
            <name>Default</name>
            <description>The default Data Center</description>
            <link href="/api/datacenters/9df72b84-0234-11e2-9b87-9386d9b09d4a/storagedomains" rel="storagedomains"/>
            <link href="/api/datacenters/9df72b84-0234-11e2-9b87-9386d9b09d4a/permissions" rel="permissions"/>
            <link href="/api/datacenters/9df72b84-0234-11e2-9b87-9386d9b09d4a/quotas" rel="quotas"/>
            <storage_type>nfs</storage_type>
            <storage_format>v3</storage_format>
            <version major="3" minor="1"/>
            <supported_versions>
                <version major="3" minor="1"/>
            </supported_versions>
            <status>
                <state>up</state>
            </status>
        </data_center>

    http_version: 
  recorded_at: Fri, 09 Nov 2012 08:55:04 GMT
recorded_with: VCR 2.2.5
