---
http_interactions:
- request:
    method: get
    uri: https://fakeuser:fakepassword@rhevm.example.com/api/vms/e31463c6-adf3-4f1f-b6c8-ae6e45803c67/nics
    body:
      encoding: US-ASCII
      string: ''
    headers:
      Accept:
      - application/xml
      Accept-Encoding:
      - gzip, deflate
      Content-Type:
      - application/xml
      User-Agent:
      - Ruby
  response:
    status:
      code: 200
      message: OK
    headers:
      Date:
      - Thu, 07 Mar 2013 21:51:55 GMT
      Pragma:
      - No-cache
      Cache-Control:
      - no-cache
      Expires:
      - Wed, 31 Dec 1969 19:00:00 EST
      Set-Cookie:
      - JSESSIONID=R1yv79JZ76xqJVQsWwkEObRy; Path=/api; Secure
      Content-Type:
      - application/xml
      Content-Length:
      - '1052'
      Connection:
      - close
    body:
      encoding: US-ASCII
      string: ! "<?xml version=\"1.0\" encoding=\"UTF-8\" standalone=\"yes\"?>\n<nics>\n
        \   <nic href=\"/api/vms/e31463c6-adf3-4f1f-b6c8-ae6e45803c67/nics/7035fac8-222c-48bc-bbbc-bf8fadfd19da\"
        id=\"7035fac8-222c-48bc-bbbc-bf8fadfd19da\">\n        <actions>\n            <link
        href=\"/api/vms/e31463c6-adf3-4f1f-b6c8-ae6e45803c67/nics/7035fac8-222c-48bc-bbbc-bf8fadfd19da/deactivate\"
        rel=\"deactivate\"/>\n            <link href=\"/api/vms/e31463c6-adf3-4f1f-b6c8-ae6e45803c67/nics/7035fac8-222c-48bc-bbbc-bf8fadfd19da/activate\"
        rel=\"activate\"/>\n        </actions>\n        <name>eth0</name>\n        <link
        href=\"/api/vms/e31463c6-adf3-4f1f-b6c8-ae6e45803c67/nics/7035fac8-222c-48bc-bbbc-bf8fadfd19da/statistics\"
        rel=\"statistics\"/>\n        <vm href=\"/api/vms/e31463c6-adf3-4f1f-b6c8-ae6e45803c67\"
        id=\"e31463c6-adf3-4f1f-b6c8-ae6e45803c67\"/>\n        <network href=\"/api/networks/75d153fb-3e33-4319-9d6a-1f4cb20b26b0\"
        id=\"75d153fb-3e33-4319-9d6a-1f4cb20b26b0\"/>\n        <interface>virtio</interface>\n
        \       <mac address=\"00:1a:4a:10:56:89\"/>\n        <active>true</active>\n
        \   </nic>\n</nics>\n"
    http_version: 
  recorded_at: Thu, 07 Mar 2013 21:51:55 GMT
- request:
    method: get
    uri: https://fakeuser:fakepassword@rhevm.example.com/api/clusters/
    body:
      encoding: US-ASCII
      string: ''
    headers:
      Accept:
      - application/xml
      Accept-Encoding:
      - gzip, deflate
      Content-Type:
      - application/xml
      User-Agent:
      - Ruby
  response:
    status:
      code: 200
      message: OK
    headers:
      Date:
      - Thu, 07 Mar 2013 22:43:34 GMT
      Pragma:
      - No-cache
      Cache-Control:
      - no-cache
      Expires:
      - Wed, 31 Dec 1969 19:00:00 EST
      Set-Cookie:
      - JSESSIONID=Sz3xnWHOzV4Esrm91UJGxDjY; Path=/api; Secure
      Content-Type:
      - application/xml
      Content-Length:
      - '2193'
      Connection:
      - close
    body:
      encoding: US-ASCII
      string: ! "<?xml version=\"1.0\" encoding=\"UTF-8\" standalone=\"yes\"?>\n<clusters>\n
        \   <cluster href=\"/api/clusters/99408929-82cf-4dc7-a532-9d998063fa95\" id=\"99408929-82cf-4dc7-a532-9d998063fa95\">\n
        \       <name>Default</name>\n        <description>The default server cluster</description>\n
        \       <link href=\"/api/clusters/99408929-82cf-4dc7-a532-9d998063fa95/networks\"
        rel=\"networks\"/>\n        <link href=\"/api/clusters/99408929-82cf-4dc7-a532-9d998063fa95/permissions\"
        rel=\"permissions\"/>\n        <link href=\"/api/clusters/99408929-82cf-4dc7-a532-9d998063fa95/glustervolumes\"
        rel=\"glustervolumes\"/>\n        <cpu id=\"Intel Nehalem Family\"/>\n        <memory_policy>\n
        \           <overcommit percent=\"100\"/>\n            <transparent_hugepages>\n
        \               <enabled>true</enabled>\n            </transparent_hugepages>\n
        \       </memory_policy>\n        <scheduling_policy/>\n        <version major=\"3\"
        minor=\"1\"/>\n        <error_handling>\n            <on_error>migrate</on_error>\n
        \       </error_handling>\n        <virt_service>true</virt_service>\n        <gluster_service>false</gluster_service>\n
        \   </cluster>\n    <cluster href=\"/api/clusters/b91b0346-4ba3-11e2-a3ac-0050568c6b2d\"
        id=\"b91b0346-4ba3-11e2-a3ac-0050568c6b2d\">\n        <name>iscsi</name>\n
        \       <link href=\"/api/clusters/b91b0346-4ba3-11e2-a3ac-0050568c6b2d/networks\"
        rel=\"networks\"/>\n        <link href=\"/api/clusters/b91b0346-4ba3-11e2-a3ac-0050568c6b2d/permissions\"
        rel=\"permissions\"/>\n        <link href=\"/api/clusters/b91b0346-4ba3-11e2-a3ac-0050568c6b2d/glustervolumes\"
        rel=\"glustervolumes\"/>\n        <cpu id=\"Intel Nehalem Family\"/>\n        <data_center
        href=\"/api/datacenters/b9bb11c2-f397-4f41-a57b-7ac15a894779\" id=\"b9bb11c2-f397-4f41-a57b-7ac15a894779\"/>\n
        \       <memory_policy>\n            <overcommit percent=\"100\"/>\n            <transparent_hugepages>\n
        \               <enabled>true</enabled>\n            </transparent_hugepages>\n
        \       </memory_policy>\n        <scheduling_policy/>\n        <version major=\"3\"
        minor=\"1\"/>\n        <error_handling>\n            <on_error>migrate</on_error>\n
        \       </error_handling>\n        <virt_service>true</virt_service>\n        <gluster_service>false</gluster_service>\n
        \   </cluster>\n</clusters>\n"
    http_version: 
  recorded_at: Thu, 07 Mar 2013 22:43:34 GMT
- request:
    method: get
    uri: https://fakeuser:fakepassword@rhevm.example.com/api/
    body:
      encoding: US-ASCII
      string: ''
    headers:
      Accept:
      - application/xml
      Accept-Encoding:
      - gzip, deflate
      Content-Type:
      - application/xml
      User-Agent:
      - Ruby
  response:
    status:
      code: 200
      message: OK
    headers:
      Date:
      - Thu, 07 Mar 2013 22:43:35 GMT
      Pragma:
      - No-cache
      Cache-Control:
      - no-cache
      Expires:
      - Wed, 31 Dec 1969 19:00:00 EST
      Set-Cookie:
      - JSESSIONID=OJ+RD513t9LCHYAPiF9BPnS5; Path=/api; Secure
      Link:
      - <https://10.16.120.71/api/capabilities>; rel=capabilities,<https://10.16.120.71/api/clusters>;
        rel=clusters,<https://10.16.120.71/api/clusters?search={query}>; rel=clusters/search,<https://10.16.120.71/api/datacenters>;
        rel=datacenters,<https://10.16.120.71/api/datacenters?search={query}>; rel=datacenters/search,<https://10.16.120.71/api/events>;
        rel=events,<https://10.16.120.71/api/events;from={event_id}?search={query}>;
        rel=events/search,<https://10.16.120.71/api/hosts>; rel=hosts,<https://10.16.120.71/api/hosts?search={query}>;
        rel=hosts/search,<https://10.16.120.71/api/networks>; rel=networks,<https://10.16.120.71/api/roles>;
        rel=roles,<https://10.16.120.71/api/storagedomains>; rel=storagedomains,<https://10.16.120.71/api/storagedomains?search={query}>;
        rel=storagedomains/search,<https://10.16.120.71/api/tags>; rel=tags,<https://10.16.120.71/api/templates>;
        rel=templates,<https://10.16.120.71/api/templates?search={query}>; rel=templates/search,<https://10.16.120.71/api/users>;
        rel=users,<https://10.16.120.71/api/users?search={query}>; rel=users/search,<https://10.16.120.71/api/groups>;
        rel=groups,<https://10.16.120.71/api/groups?search={query}>; rel=groups/search,<https://10.16.120.71/api/domains>;
        rel=domains,<https://10.16.120.71/api/vmpools>; rel=vmpools,<https://10.16.120.71/api/vmpools?search={query}>;
        rel=vmpools/search,<https://10.16.120.71/api/vms>; rel=vms,<https://10.16.120.71/api/vms?search={query}>;
        rel=vms/search,<https://10.16.120.71/api/disks>; rel=disks,<https://10.16.120.71/api/disks?search={query}>;
        rel=disks/search
      Content-Type:
      - application/xml
      Content-Length:
      - '2463'
      Connection:
      - close
    body:
      encoding: US-ASCII
      string: ! "<?xml version=\"1.0\" encoding=\"UTF-8\" standalone=\"yes\"?>\n<api>\n
        \   <link href=\"/api/capabilities\" rel=\"capabilities\"/>\n    <link href=\"/api/clusters\"
        rel=\"clusters\"/>\n    <link href=\"/api/clusters?search={query}\" rel=\"clusters/search\"/>\n
        \   <link href=\"/api/datacenters\" rel=\"datacenters\"/>\n    <link href=\"/api/datacenters?search={query}\"
        rel=\"datacenters/search\"/>\n    <link href=\"/api/events\" rel=\"events\"/>\n
        \   <link href=\"/api/events;from={event_id}?search={query}\" rel=\"events/search\"/>\n
        \   <link href=\"/api/hosts\" rel=\"hosts\"/>\n    <link href=\"/api/hosts?search={query}\"
        rel=\"hosts/search\"/>\n    <link href=\"/api/networks\" rel=\"networks\"/>\n
        \   <link href=\"/api/roles\" rel=\"roles\"/>\n    <link href=\"/api/storagedomains\"
        rel=\"storagedomains\"/>\n    <link href=\"/api/storagedomains?search={query}\"
        rel=\"storagedomains/search\"/>\n    <link href=\"/api/tags\" rel=\"tags\"/>\n
        \   <link href=\"/api/templates\" rel=\"templates\"/>\n    <link href=\"/api/templates?search={query}\"
        rel=\"templates/search\"/>\n    <link href=\"/api/users\" rel=\"users\"/>\n
        \   <link href=\"/api/users?search={query}\" rel=\"users/search\"/>\n    <link
        href=\"/api/groups\" rel=\"groups\"/>\n    <link href=\"/api/groups?search={query}\"
        rel=\"groups/search\"/>\n    <link href=\"/api/domains\" rel=\"domains\"/>\n
        \   <link href=\"/api/vmpools\" rel=\"vmpools\"/>\n    <link href=\"/api/vmpools?search={query}\"
        rel=\"vmpools/search\"/>\n    <link href=\"/api/vms\" rel=\"vms\"/>\n    <link
        href=\"/api/vms?search={query}\" rel=\"vms/search\"/>\n    <link href=\"/api/disks\"
        rel=\"disks\"/>\n    <link href=\"/api/disks?search={query}\" rel=\"disks/search\"/>\n
        \   <special_objects>\n        <link href=\"/api/templates/00000000-0000-0000-0000-000000000000\"
        rel=\"templates/blank\"/>\n        <link href=\"/api/tags/00000000-0000-0000-0000-000000000000\"
        rel=\"tags/root\"/>\n    </special_objects>\n    <product_info>\n        <name>Red
        Hat Enterprise Virtualization</name>\n        <vendor>Red Hat</vendor>\n        <version
        major=\"3\" minor=\"1\" build=\"0\" revision=\"0\"/>\n    </product_info>\n
        \   <summary>\n        <vms>\n            <total>19</total>\n            <active>16</active>\n
        \       </vms>\n        <hosts>\n            <total>2</total>\n            <active>2</active>\n
        \       </hosts>\n        <users>\n            <total>30</total>\n            <active>2</active>\n
        \       </users>\n        <storage_domains>\n            <total>4</total>\n
        \           <active>3</active>\n        </storage_domains>\n    </summary>\n
        \   <time>2013-03-07T17:43:36.124-05:00</time>\n</api>\n"
    http_version: 
  recorded_at: Thu, 07 Mar 2013 22:43:36 GMT
- request:
    method: get
    uri: https://fakeuser:fakepassword@rhevm.example.com/api/datacenters?search=
    body:
      encoding: US-ASCII
      string: ''
    headers:
      Accept:
      - application/xml
      Accept-Encoding:
      - gzip, deflate
      Content-Type:
      - application/xml
      User-Agent:
      - Ruby
  response:
    status:
      code: 200
      message: OK
    headers:
      Date:
      - Thu, 07 Mar 2013 22:43:37 GMT
      Pragma:
      - No-cache
      Cache-Control:
      - no-cache
      Expires:
      - Wed, 31 Dec 1969 19:00:00 EST
      Set-Cookie:
      - JSESSIONID=rAyG1Igl1mbyCB3VO9xfsLRp; Path=/api; Secure
      Content-Type:
      - application/xml
      Content-Length:
      - '864'
      Connection:
      - close
    body:
      encoding: US-ASCII
      string: ! "<?xml version=\"1.0\" encoding=\"UTF-8\" standalone=\"yes\"?>\n<data_centers>\n
        \   <data_center href=\"/api/datacenters/b9bb11c2-f397-4f41-a57b-7ac15a894779\"
        id=\"b9bb11c2-f397-4f41-a57b-7ac15a894779\">\n        <name>iscsi</name>\n
        \       <link href=\"/api/datacenters/b9bb11c2-f397-4f41-a57b-7ac15a894779/storagedomains\"
        rel=\"storagedomains\"/>\n        <link href=\"/api/datacenters/b9bb11c2-f397-4f41-a57b-7ac15a894779/permissions\"
        rel=\"permissions\"/>\n        <link href=\"/api/datacenters/b9bb11c2-f397-4f41-a57b-7ac15a894779/quotas\"
        rel=\"quotas\"/>\n        <storage_type>iscsi</storage_type>\n        <storage_format>v3</storage_format>\n
        \       <version major=\"3\" minor=\"1\"/>\n        <supported_versions>\n
        \           <version major=\"3\" minor=\"1\"/>\n        </supported_versions>\n
        \       <status>\n            <state>up</state>\n        </status>\n    </data_center>\n</data_centers>\n"
    http_version: 
  recorded_at: Thu, 07 Mar 2013 22:43:37 GMT
- request:
    method: get
    uri: https://fakeuser:fakepassword@rhevm.example.com/api/clusters?search=datacenter=iscsi
    body:
      encoding: US-ASCII
      string: ''
    headers:
      Accept:
      - application/xml
      Accept-Encoding:
      - gzip, deflate
      Content-Type:
      - application/xml
      User-Agent:
      - Ruby
  response:
    status:
      code: 200
      message: OK
    headers:
      Date:
      - Thu, 07 Mar 2013 22:43:38 GMT
      Pragma:
      - No-cache
      Cache-Control:
      - no-cache
      Expires:
      - Wed, 31 Dec 1969 19:00:00 EST
      Set-Cookie:
      - JSESSIONID=PrEpq5fgst7yQ8AJs2sQXWQn; Path=/api; Secure
      Content-Type:
      - application/xml
      Content-Length:
      - '1167'
      Connection:
      - close
    body:
      encoding: US-ASCII
      string: ! "<?xml version=\"1.0\" encoding=\"UTF-8\" standalone=\"yes\"?>\n<clusters>\n
        \   <cluster href=\"/api/clusters/b91b0346-4ba3-11e2-a3ac-0050568c6b2d\" id=\"b91b0346-4ba3-11e2-a3ac-0050568c6b2d\">\n
        \       <name>iscsi</name>\n        <link href=\"/api/clusters/b91b0346-4ba3-11e2-a3ac-0050568c6b2d/networks\"
        rel=\"networks\"/>\n        <link href=\"/api/clusters/b91b0346-4ba3-11e2-a3ac-0050568c6b2d/permissions\"
        rel=\"permissions\"/>\n        <link href=\"/api/clusters/b91b0346-4ba3-11e2-a3ac-0050568c6b2d/glustervolumes\"
        rel=\"glustervolumes\"/>\n        <cpu id=\"Intel Nehalem Family\"/>\n        <data_center
        href=\"/api/datacenters/b9bb11c2-f397-4f41-a57b-7ac15a894779\" id=\"b9bb11c2-f397-4f41-a57b-7ac15a894779\"/>\n
        \       <memory_policy>\n            <overcommit percent=\"100\"/>\n            <transparent_hugepages>\n
        \               <enabled>true</enabled>\n            </transparent_hugepages>\n
        \       </memory_policy>\n        <scheduling_policy/>\n        <version major=\"3\"
        minor=\"1\"/>\n        <error_handling>\n            <on_error>migrate</on_error>\n
        \       </error_handling>\n        <virt_service>true</virt_service>\n        <gluster_service>false</gluster_service>\n
        \   </cluster>\n</clusters>\n"
    http_version: 
  recorded_at: Thu, 07 Mar 2013 22:43:38 GMT
- request:
    method: post
    uri: https://fakeuser:fakepassword@rhevm.example.com/api/vms
    body:
      encoding: US-ASCII
      string: ! "<vm>\n  <name>i-1362696218</name>\n  <template id=\"da12fc7e-8f0c-4ebb-a524-5e99b3214d75\"/>\n
        \ <cluster id=\"b91b0346-4ba3-11e2-a3ac-0050568c6b2d\"/>\n  <type>SERVER</type>\n
        \ <memory>1073741824</memory>\n  <os>\n    <boot dev=\"network\"/>\n    <boot
        dev=\"hd\"/>\n  </os>\n  <payloads>\n    <payload type=\"floppy\">\n      <file
        name=\"deltacloud-user-data.txt\">\n        <content/>\n      </file>\n    </payload>\n
        \ </payloads>\n</vm>"
    headers:
      Accept:
      - application/xml
      Accept-Encoding:
      - gzip, deflate
      Content-Type:
      - application/xml
      Content-Length:
      - '411'
      User-Agent:
      - Ruby
  response:
    status:
      code: 202
      message: Accepted
    headers:
      Date:
      - Thu, 07 Mar 2013 22:43:39 GMT
      Set-Cookie:
      - JSESSIONID=fTAT2XKlzReJvtGulSaBtXE2; Path=/api; Secure
      Content-Type:
      - application/xml
      Content-Length:
      - '3111'
      Connection:
      - close
    body:
      encoding: US-ASCII
      string: ! "<?xml version=\"1.0\" encoding=\"UTF-8\" standalone=\"yes\"?>\n<vm
        href=\"/api/vms/9fd66242-1247-4740-bd78-9684b4016caf\" id=\"9fd66242-1247-4740-bd78-9684b4016caf\">\n
        \   <actions>\n        <link href=\"/api/vms/9fd66242-1247-4740-bd78-9684b4016caf/ticket\"
        rel=\"ticket\"/>\n        <link href=\"/api/vms/9fd66242-1247-4740-bd78-9684b4016caf/migrate\"
        rel=\"migrate\"/>\n        <link href=\"/api/vms/9fd66242-1247-4740-bd78-9684b4016caf/cancelmigration\"
        rel=\"cancelmigration\"/>\n        <link href=\"/api/vms/9fd66242-1247-4740-bd78-9684b4016caf/shutdown\"
        rel=\"shutdown\"/>\n        <link href=\"/api/vms/9fd66242-1247-4740-bd78-9684b4016caf/start\"
        rel=\"start\"/>\n        <link href=\"/api/vms/9fd66242-1247-4740-bd78-9684b4016caf/stop\"
        rel=\"stop\"/>\n        <link href=\"/api/vms/9fd66242-1247-4740-bd78-9684b4016caf/suspend\"
        rel=\"suspend\"/>\n        <link href=\"/api/vms/9fd66242-1247-4740-bd78-9684b4016caf/detach\"
        rel=\"detach\"/>\n        <link href=\"/api/vms/9fd66242-1247-4740-bd78-9684b4016caf/export\"
        rel=\"export\"/>\n        <link href=\"/api/vms/9fd66242-1247-4740-bd78-9684b4016caf/move\"
        rel=\"move\"/>\n    </actions>\n    <name>i-1362696218</name>\n    <creation_status>\n
        \       <state>pending</state>\n    </creation_status>\n    <link href=\"/api/vms/9fd66242-1247-4740-bd78-9684b4016caf/disks\"
        rel=\"disks\"/>\n    <link href=\"/api/vms/9fd66242-1247-4740-bd78-9684b4016caf/nics\"
        rel=\"nics\"/>\n    <link href=\"/api/vms/9fd66242-1247-4740-bd78-9684b4016caf/cdroms\"
        rel=\"cdroms\"/>\n    <link href=\"/api/vms/9fd66242-1247-4740-bd78-9684b4016caf/snapshots\"
        rel=\"snapshots\"/>\n    <link href=\"/api/vms/9fd66242-1247-4740-bd78-9684b4016caf/tags\"
        rel=\"tags\"/>\n    <link href=\"/api/vms/9fd66242-1247-4740-bd78-9684b4016caf/permissions\"
        rel=\"permissions\"/>\n    <link href=\"/api/vms/9fd66242-1247-4740-bd78-9684b4016caf/statistics\"
        rel=\"statistics\"/>\n    <link href=\"/api/vms/9fd66242-1247-4740-bd78-9684b4016caf/creation_status/c5f7a917-4f23-4fc4-a2f9-e4f2ccfa056e\"
        rel=\"creation_status\"/>\n    <type>server</type>\n    <status>\n        <state>image_locked</state>\n
        \   </status>\n    <memory>1073741824</memory>\n    <cpu>\n        <topology
        sockets=\"1\" cores=\"1\"/>\n    </cpu>\n    <os type=\"other_linux\">\n        <boot
        dev=\"network\"/>\n        <boot dev=\"hd\"/>\n    </os>\n    <high_availability>\n
        \       <enabled>false</enabled>\n        <priority>0</priority>\n    </high_availability>\n
        \   <display>\n        <type>spice</type>\n        <monitors>1</monitors>\n
        \       <allow_override>false</allow_override>\n    </display>\n    <cluster
        href=\"/api/clusters/b91b0346-4ba3-11e2-a3ac-0050568c6b2d\" id=\"b91b0346-4ba3-11e2-a3ac-0050568c6b2d\"/>\n
        \   <template href=\"/api/templates/da12fc7e-8f0c-4ebb-a524-5e99b3214d75\"
        id=\"da12fc7e-8f0c-4ebb-a524-5e99b3214d75\"/>\n    <creation_time>2013-03-07T17:43:40.043-05:00</creation_time>\n
        \   <origin>rhev</origin>\n    <stateless>false</stateless>\n    <placement_policy>\n
        \       <affinity>migratable</affinity>\n    </placement_policy>\n    <memory_policy>\n
        \       <guaranteed>1073741824</guaranteed>\n    </memory_policy>\n    <quota
        id=\"00000000-0000-0000-0000-000000000000\"/>\n    <usb>\n        <enabled>false</enabled>\n
        \   </usb>\n</vm>\n"
    http_version: 
  recorded_at: Thu, 07 Mar 2013 22:43:41 GMT
- request:
    method: get
    uri: https://fakeuser:fakepassword@rhevm.example.com/api/vms/9fd66242-1247-4740-bd78-9684b4016caf/nics
    body:
      encoding: US-ASCII
      string: ''
    headers:
      Accept:
      - application/xml
      Accept-Encoding:
      - gzip, deflate
      Content-Type:
      - application/xml
      User-Agent:
      - Ruby
  response:
    status:
      code: 200
      message: OK
    headers:
      Date:
      - Thu, 07 Mar 2013 22:43:42 GMT
      Pragma:
      - No-cache
      Cache-Control:
      - no-cache
      Expires:
      - Wed, 31 Dec 1969 19:00:00 EST
      Set-Cookie:
      - JSESSIONID=Rv1qpBuszXuWebXrH-sGXBst; Path=/api; Secure
      Content-Type:
      - application/xml
      Content-Length:
      - '1052'
      Connection:
      - close
    body:
      encoding: US-ASCII
      string: ! "<?xml version=\"1.0\" encoding=\"UTF-8\" standalone=\"yes\"?>\n<nics>\n
        \   <nic href=\"/api/vms/9fd66242-1247-4740-bd78-9684b4016caf/nics/0993ac11-ddd5-41fb-ad49-5a09b92e2bc4\"
        id=\"0993ac11-ddd5-41fb-ad49-5a09b92e2bc4\">\n        <actions>\n            <link
        href=\"/api/vms/9fd66242-1247-4740-bd78-9684b4016caf/nics/0993ac11-ddd5-41fb-ad49-5a09b92e2bc4/deactivate\"
        rel=\"deactivate\"/>\n            <link href=\"/api/vms/9fd66242-1247-4740-bd78-9684b4016caf/nics/0993ac11-ddd5-41fb-ad49-5a09b92e2bc4/activate\"
        rel=\"activate\"/>\n        </actions>\n        <name>eth0</name>\n        <link
        href=\"/api/vms/9fd66242-1247-4740-bd78-9684b4016caf/nics/0993ac11-ddd5-41fb-ad49-5a09b92e2bc4/statistics\"
        rel=\"statistics\"/>\n        <vm href=\"/api/vms/9fd66242-1247-4740-bd78-9684b4016caf\"
        id=\"9fd66242-1247-4740-bd78-9684b4016caf\"/>\n        <network href=\"/api/networks/75d153fb-3e33-4319-9d6a-1f4cb20b26b0\"
        id=\"75d153fb-3e33-4319-9d6a-1f4cb20b26b0\"/>\n        <interface>virtio</interface>\n
        \       <mac address=\"00:1a:4a:10:56:7c\"/>\n        <active>true</active>\n
        \   </nic>\n</nics>\n"
    http_version: 
  recorded_at: Thu, 07 Mar 2013 22:43:43 GMT
recorded_with: VCR 2.4.0
